[0.000000] (-) TimerEvent: {}
[0.000247] (project3_interfaces) JobQueued: {'identifier': 'project3_interfaces', 'dependencies': OrderedDict()}
[0.000319] (project3) JobQueued: {'identifier': 'project3', 'dependencies': OrderedDict({'project3_interfaces': '/home/sicou2/CSCE452/Project3/Project3-Python/install/project3_interfaces'})}
[0.000380] (project3_interfaces) JobStarted: {'identifier': 'project3_interfaces'}
[0.009178] (project3_interfaces) JobProgress: {'identifier': 'project3_interfaces', 'progress': 'cmake'}
[0.009766] (project3_interfaces) Command: {'cmd': ['/usr/bin/cmake', '/home/sicou2/CSCE452/Project3/Project3-Python/src/project3_interfaces', '-DCMAKE_INSTALL_PREFIX=/home/sicou2/CSCE452/Project3/Project3-Python/install/project3_interfaces'], 'cwd': '/home/sicou2/CSCE452/Project3/Project3-Python/build/project3_interfaces', 'env': OrderedDict({'GJS_DEBUG_TOPICS': 'JS ERROR;JS LOG', 'LESSOPEN': '| /usr/bin/lesspipe %s', 'USER': 'sicou2', 'FONTCONFIG_PATH': '/etc/fonts', 'GZ_CONFIG_PATH': '/opt/ros/jazzy/opt/sdformat_vendor/share/gz', 'GIO_MODULE_DIR': '/home/sicou2/snap/code/common/.cache/gio-modules', 'XDG_SESSION_TYPE': 'x11', 'GIT_ASKPASS': '/snap/code/187/usr/share/code/resources/app/extensions/git/dist/askpass.sh', 'GTK_EXE_PREFIX_VSCODE_SNAP_ORIG': '', 'GDK_BACKEND_VSCODE_SNAP_ORIG': '', 'SHLVL': '1', 'LD_LIBRARY_PATH': '/opt/ros/jazzy/opt/sdformat_vendor/lib:/opt/ros/jazzy/opt/rviz_ogre_vendor/lib:/opt/ros/jazzy/lib/x86_64-linux-gnu:/opt/ros/jazzy/opt/gz_math_vendor/lib:/opt/ros/jazzy/opt/gz_utils_vendor/lib:/opt/ros/jazzy/opt/gz_tools_vendor/lib:/opt/ros/jazzy/opt/gz_cmake_vendor/lib:/opt/ros/jazzy/lib', 'HOME': '/home/sicou2', 'CHROME_DESKTOP': 'code.desktop', 'LOCPATH_VSCODE_SNAP_ORIG': '', 'TERM_PROGRAM_VERSION': '1.98.2', 'DESKTOP_SESSION': 'ubuntu', 'GTK_PATH': '/snap/code/187/usr/lib/x86_64-linux-gnu/gtk-3.0', 'XDG_DATA_HOME_VSCODE_SNAP_ORIG': '', 'GTK_IM_MODULE_FILE': '/home/sicou2/snap/code/common/.cache/immodules/immodules.cache', 'GIO_LAUNCHED_DESKTOP_FILE': '/var/lib/snapd/desktop/applications/code_code.desktop', 'ROS_PYTHON_VERSION': '3', 'GNOME_SHELL_SESSION_MODE': 'ubuntu', 'GTK_MODULES': 'gail:atk-bridge', 'GSETTINGS_SCHEMA_DIR_VSCODE_SNAP_ORIG': '', 'VSCODE_GIT_ASKPASS_MAIN': '/snap/code/187/usr/share/code/resources/app/extensions/git/dist/askpass-main.js', 'VSCODE_GIT_ASKPASS_NODE': '/snap/code/187/usr/share/code/code', 'MANAGERPID': '1826', 'PYDEVD_DISABLE_FILE_VALIDATION': '1', 'SYSTEMD_EXEC_PID': '2224', 'BUNDLED_DEBUGPY_PATH': '/home/sicou2/.vscode/extensions/ms-python.debugpy-2025.6.0-linux-x64/bundled/libs/debugpy', 'GSM_SKIP_SSH_AGENT_WORKAROUND': 'true', 'DBUS_SESSION_BUS_ADDRESS': 'unix:path=/run/user/1000/bus', 'COLORTERM': 'truecolor', 'GIO_LAUNCHED_DESKTOP_FILE_PID': '12522', 'DEBUGINFOD_URLS': 'https://debuginfod.ubuntu.com', 'COLCON_PREFIX_PATH': '/home/sicou2/CSCE452/Project3/Project3-Python/install', 'ROS_DISTRO': 'jazzy', 'LOGNAME': 'sicou2', 'JOURNAL_STREAM': '9:17809', '_': '/usr/bin/colcon', 'ROS_VERSION': '2', 'XDG_CONFIG_DIRS_VSCODE_SNAP_ORIG': '/etc/xdg/xdg-ubuntu:/etc/xdg', 'MEMORY_PRESSURE_WATCH': '/sys/fs/cgroup/user.slice/user-1000.slice/user@1000.service/session.slice/org.gnome.Shell@x11.service/memory.pressure', 'XDG_SESSION_CLASS': 'user', 'XDG_DATA_DIRS_VSCODE_SNAP_ORIG': '/usr/share/ubuntu:/usr/share/gnome:/usr/local/share/:/usr/share/:/var/lib/snapd/desktop', 'USERNAME': 'sicou2', 'TERM': 'xterm-256color', 'GNOME_DESKTOP_SESSION_ID': 'this-is-deprecated', 'WINDOWPATH': '2', 'PATH': '/opt/ros/jazzy/opt/gz_tools_vendor/bin:/opt/ros/jazzy/bin:/usr/local/sbin:/usr/local/bin:/usr/sbin:/usr/bin:/sbin:/bin:/usr/games:/usr/local/games:/snap/bin:/snap/bin:/home/sicou2/.vscode/extensions/ms-python.debugpy-2025.6.0-linux-x64/bundled/scripts/noConfigScripts', 'SESSION_MANAGER': 'local/Treebuntu:@/tmp/.ICE-unix/2192,unix/Treebuntu:/tmp/.ICE-unix/2192', 'GTK_EXE_PREFIX': '/snap/code/187/usr', 'INVOCATION_ID': '9123f4167a36440c94f36463eea57fd6', 'XDG_MENU_PREFIX': 'gnome-', 'BAMF_DESKTOP_FILE_HINT': '/var/lib/snapd/desktop/applications/code_code.desktop', 'XDG_RUNTIME_DIR': '/run/user/1000', 'GDK_BACKEND': 'x11', 'DISPLAY': ':0', 'LOCPATH': '/snap/code/187/usr/lib/locale', 'VSCODE_DEBUGPY_ADAPTER_ENDPOINTS': '/home/sicou2/.vscode/extensions/ms-python.debugpy-2025.6.0-linux-x64/.noConfigDebugAdapterEndpoints/endpoint-f87f1e48a69d3edb.txt', 'LANG': 'en_US.UTF-8', 'XDG_CURRENT_DESKTOP': 'Unity', 'GIO_MODULE_DIR_VSCODE_SNAP_ORIG': '', 'XDG_DATA_HOME': '/home/sicou2/snap/code/187/.local/share', 'XMODIFIERS': '@im=ibus', 'XDG_SESSION_DESKTOP': 'ubuntu', 'XAUTHORITY': '/run/user/1000/gdm/Xauthority', 'LS_COLORS': 'rs=0:di=01;34:ln=01;36:mh=00:pi=40;33:so=01;35:do=01;35:bd=40;33;01:cd=40;33;01:or=40;31;01:mi=00:su=37;41:sg=30;43:ca=00:tw=30;42:ow=34;42:st=37;44:ex=01;32:*.tar=01;31:*.tgz=01;31:*.arc=01;31:*.arj=01;31:*.taz=01;31:*.lha=01;31:*.lz4=01;31:*.lzh=01;31:*.lzma=01;31:*.tlz=01;31:*.txz=01;31:*.tzo=01;31:*.t7z=01;31:*.zip=01;31:*.z=01;31:*.dz=01;31:*.gz=01;31:*.lrz=01;31:*.lz=01;31:*.lzo=01;31:*.xz=01;31:*.zst=01;31:*.tzst=01;31:*.bz2=01;31:*.bz=01;31:*.tbz=01;31:*.tbz2=01;31:*.tz=01;31:*.deb=01;31:*.rpm=01;31:*.jar=01;31:*.war=01;31:*.ear=01;31:*.sar=01;31:*.rar=01;31:*.alz=01;31:*.ace=01;31:*.zoo=01;31:*.cpio=01;31:*.7z=01;31:*.rz=01;31:*.cab=01;31:*.wim=01;31:*.swm=01;31:*.dwm=01;31:*.esd=01;31:*.avif=01;35:*.jpg=01;35:*.jpeg=01;35:*.mjpg=01;35:*.mjpeg=01;35:*.gif=01;35:*.bmp=01;35:*.pbm=01;35:*.pgm=01;35:*.ppm=01;35:*.tga=01;35:*.xbm=01;35:*.xpm=01;35:*.tif=01;35:*.tiff=01;35:*.png=01;35:*.svg=01;35:*.svgz=01;35:*.mng=01;35:*.pcx=01;35:*.mov=01;35:*.mpg=01;35:*.mpeg=01;35:*.m2v=01;35:*.mkv=01;35:*.webm=01;35:*.webp=01;35:*.ogm=01;35:*.mp4=01;35:*.m4v=01;35:*.mp4v=01;35:*.vob=01;35:*.qt=01;35:*.nuv=01;35:*.wmv=01;35:*.asf=01;35:*.rm=01;35:*.rmvb=01;35:*.flc=01;35:*.avi=01;35:*.fli=01;35:*.flv=01;35:*.gl=01;35:*.dl=01;35:*.xcf=01;35:*.xwd=01;35:*.yuv=01;35:*.cgm=01;35:*.emf=01;35:*.ogv=01;35:*.ogx=01;35:*.aac=00;36:*.au=00;36:*.flac=00;36:*.m4a=00;36:*.mid=00;36:*.midi=00;36:*.mka=00;36:*.mp3=00;36:*.mpc=00;36:*.ogg=00;36:*.ra=00;36:*.wav=00;36:*.oga=00;36:*.opus=00;36:*.spx=00;36:*.xspf=00;36:*~=00;90:*#=00;90:*.bak=00;90:*.crdownload=00;90:*.dpkg-dist=00;90:*.dpkg-new=00;90:*.dpkg-old=00;90:*.dpkg-tmp=00;90:*.old=00;90:*.orig=00;90:*.part=00;90:*.rej=00;90:*.rpmnew=00;90:*.rpmorig=00;90:*.rpmsave=00;90:*.swp=00;90:*.tmp=00;90:*.ucf-dist=00;90:*.ucf-new=00;90:*.ucf-old=00;90:', 'VSCODE_GIT_IPC_HANDLE': '/run/user/1000/vscode-git-2ae0d47f9b.sock', 'TERM_PROGRAM': 'vscode', 'SSH_AUTH_SOCK': '/run/user/1000/keyring/ssh', 'GSETTINGS_SCHEMA_DIR': '/home/sicou2/snap/code/187/.local/share/glib-2.0/schemas', 'ROS_DOMAIN_ID': '0', 'AMENT_PREFIX_PATH': '/home/sicou2/CSCE452/Project3/Project3-Python/install/project3:/opt/ros/jazzy', 'ORIGINAL_XDG_CURRENT_DESKTOP': 'ubuntu:GNOME', 'SHELL': '/bin/bash', 'QT_ACCESSIBILITY': '1', 'GDMSESSION': 'ubuntu', 'LESSCLOSE': '/usr/bin/lesspipe %s %s', 'GTK_PATH_VSCODE_SNAP_ORIG': '', 'FONTCONFIG_FILE': '/etc/fonts/fonts.conf', 'GTK_IM_MODULE_FILE_VSCODE_SNAP_ORIG': '', 'GPG_AGENT_INFO': '/run/user/1000/gnupg/S.gpg-agent:0:1', 'GJS_DEBUG_OUTPUT': 'stderr', 'ROS_AUTOMATIC_DISCOVERY_RANGE': 'SUBNET', 'VSCODE_GIT_ASKPASS_EXTRA_ARGS': '', 'QT_IM_MODULE': 'ibus', 'PWD': '/home/sicou2/CSCE452/Project3/Project3-Python/build/project3_interfaces', 'XDG_CONFIG_DIRS': '/etc/xdg/xdg-ubuntu:/etc/xdg', 'XDG_DATA_DIRS': '/home/sicou2/snap/code/187/.local/share:/home/sicou2/snap/code/187:/snap/code/187/usr/share:/usr/share/ubuntu:/usr/share/gnome:/usr/local/share/:/usr/share/:/var/lib/snapd/desktop', 'PYTHONPATH': '/home/sicou2/CSCE452/Project3/Project3-Python/install/project3/lib/python3.12/site-packages:/opt/ros/jazzy/lib/python3.12/site-packages', 'COLCON': '1', 'MEMORY_PRESSURE_WRITE': 'c29tZSAyMDAwMDAgMjAwMDAwMAA=', 'CMAKE_PREFIX_PATH': '/opt/ros/jazzy/opt/sdformat_vendor:/opt/ros/jazzy/opt/gz_math_vendor:/opt/ros/jazzy/opt/gz_utils_vendor:/opt/ros/jazzy/opt/gz_tools_vendor:/opt/ros/jazzy/opt/gz_cmake_vendor'}), 'shell': False}
[0.099253] (-) TimerEvent: {}
[0.140047] (project3_interfaces) StdoutLine: {'line': b'-- The C compiler identification is GNU 13.3.0\n'}
[0.199399] (-) TimerEvent: {}
[0.242323] (project3_interfaces) StdoutLine: {'line': b'-- The CXX compiler identification is GNU 13.3.0\n'}
[0.264636] (project3_interfaces) StdoutLine: {'line': b'-- Detecting C compiler ABI info\n'}
[0.299482] (-) TimerEvent: {}
[0.365902] (project3_interfaces) StdoutLine: {'line': b'-- Detecting C compiler ABI info - done\n'}
[0.375919] (project3_interfaces) StdoutLine: {'line': b'-- Check for working C compiler: /usr/bin/cc - skipped\n'}
[0.376453] (project3_interfaces) StdoutLine: {'line': b'-- Detecting C compile features\n'}
[0.377076] (project3_interfaces) StdoutLine: {'line': b'-- Detecting C compile features - done\n'}
[0.387727] (project3_interfaces) StdoutLine: {'line': b'-- Detecting CXX compiler ABI info\n'}
[0.399572] (-) TimerEvent: {}
[0.499227] (project3_interfaces) StdoutLine: {'line': b'-- Detecting CXX compiler ABI info - done\n'}
[0.499632] (-) TimerEvent: {}
[0.510821] (project3_interfaces) StdoutLine: {'line': b'-- Check for working CXX compiler: /usr/bin/c++ - skipped\n'}
[0.511350] (project3_interfaces) StdoutLine: {'line': b'-- Detecting CXX compile features\n'}
[0.511868] (project3_interfaces) StdoutLine: {'line': b'-- Detecting CXX compile features - done\n'}
[0.517853] (project3_interfaces) StdoutLine: {'line': b'-- Found ament_cmake: 2.5.3 (/opt/ros/jazzy/share/ament_cmake/cmake)\n'}
[0.599730] (-) TimerEvent: {}
[0.676826] (project3_interfaces) StdoutLine: {'line': b'-- Found Python3: /usr/bin/python3 (found version "3.12.3") found components: Interpreter \n'}
[0.699829] (-) TimerEvent: {}
[0.800101] (-) TimerEvent: {}
[0.802394] (project3_interfaces) StdoutLine: {'line': b'-- Found rosidl_default_generators: 1.6.0 (/opt/ros/jazzy/share/rosidl_default_generators/cmake)\n'}
[0.812444] (project3_interfaces) StdoutLine: {'line': b'-- Using all available rosidl_typesupport_c: rosidl_typesupport_fastrtps_c;rosidl_typesupport_introspection_c\n'}
[0.882016] (project3_interfaces) StdoutLine: {'line': b'-- Using all available rosidl_typesupport_cpp: rosidl_typesupport_fastrtps_cpp;rosidl_typesupport_introspection_cpp\n'}
[0.900217] (-) TimerEvent: {}
[0.944217] (project3_interfaces) StdoutLine: {'line': b'-- Found rosidl_adapter: 4.6.5 (/opt/ros/jazzy/share/rosidl_adapter/cmake)\n'}
[0.949840] (project3_interfaces) StdoutLine: {'line': b'-- Found geometry_msgs: 5.3.5 (/opt/ros/jazzy/share/geometry_msgs/cmake)\n'}
[1.004406] (-) TimerEvent: {}
[1.104665] (-) TimerEvent: {}
[1.204961] (-) TimerEvent: {}
[1.305243] (-) TimerEvent: {}
[1.379581] (project3_interfaces) StderrLine: {'line': b"Error parsing '/home/sicou2/CSCE452/Project3/Project3-Python/src/project3_interfaces/package.xml':\n"}
[1.405392] (-) TimerEvent: {}
[1.505679] (-) TimerEvent: {}
[1.605971] (-) TimerEvent: {}
[1.706258] (-) TimerEvent: {}
[1.806596] (-) TimerEvent: {}
[1.906905] (-) TimerEvent: {}
[2.007207] (-) TimerEvent: {}
[2.107567] (-) TimerEvent: {}
[2.207900] (-) TimerEvent: {}
[2.308235] (-) TimerEvent: {}
[2.408603] (-) TimerEvent: {}
[2.508926] (-) TimerEvent: {}
[2.609247] (-) TimerEvent: {}
[2.709593] (-) TimerEvent: {}
[2.809894] (-) TimerEvent: {}
[2.910235] (-) TimerEvent: {}
[3.010581] (-) TimerEvent: {}
[3.110890] (-) TimerEvent: {}
[3.211182] (-) TimerEvent: {}
[3.288015] (project3_interfaces) StderrLine: {'line': b'Traceback (most recent call last):\n'}
[3.288180] (project3_interfaces) StderrLine: {'line': b'  File "/usr/lib/python3/dist-packages/catkin_pkg/package.py", line 610, in parse_package_string\n'}
[3.288259] (project3_interfaces) StderrLine: {'line': b'    root = dom.parseString(data)\n'}
[3.288340] (project3_interfaces) StderrLine: {'line': b'           ^^^^^^^^^^^^^^^^^^^^^\n'}
[3.288418] (project3_interfaces) StderrLine: {'line': b'  File "/usr/lib/python3.12/xml/dom/minidom.py", line 2000, in parseString\n'}
[3.288489] (project3_interfaces) StderrLine: {'line': b'    return expatbuilder.parseString(string)\n'}
[3.288558] (project3_interfaces) StderrLine: {'line': b'           ^^^^^^^^^^^^^^^^^^^^^^^^^^^^^^^^\n'}
[3.288625] (project3_interfaces) StderrLine: {'line': b'  File "/usr/lib/python3.12/xml/dom/expatbuilder.py", line 922, in parseString\n'}
[3.288702] (project3_interfaces) StderrLine: {'line': b'    return builder.parseString(string)\n'}
[3.288771] (project3_interfaces) StderrLine: {'line': b'           ^^^^^^^^^^^^^^^^^^^^^^^^^^^\n'}
[3.288837] (project3_interfaces) StderrLine: {'line': b'  File "/usr/lib/python3.12/xml/dom/expatbuilder.py", line 220, in parseString\n'}
[3.288905] (project3_interfaces) StderrLine: {'line': b'    parser.Parse(string, True)\n'}
[3.288971] (project3_interfaces) StderrLine: {'line': b'xml.parsers.expat.ExpatError: junk after document element: line 2, column 0\n'}
[3.289038] (project3_interfaces) StderrLine: {'line': b'\n'}
[3.289104] (project3_interfaces) StderrLine: {'line': b'During handling of the above exception, another exception occurred:\n'}
[3.289172] (project3_interfaces) StderrLine: {'line': b'\n'}
[3.289240] (project3_interfaces) StderrLine: {'line': b'Traceback (most recent call last):\n'}
[3.289307] (project3_interfaces) StderrLine: {'line': b'  File "/opt/ros/jazzy/share/ament_cmake_core/cmake/core/package_xml_2_cmake.py", line 150, in <module>\n'}
[3.292457] (project3_interfaces) StderrLine: {'line': b'    main()\n'}
[3.292547] (project3_interfaces) StderrLine: {'line': b'  File "/opt/ros/jazzy/share/ament_cmake_core/cmake/core/package_xml_2_cmake.py", line 53, in main\n'}
[3.292688] (project3_interfaces) StderrLine: {'line': b'    raise e\n'}
[3.292764] (project3_interfaces) StderrLine: {'line': b'  File "/opt/ros/jazzy/share/ament_cmake_core/cmake/core/package_xml_2_cmake.py", line 49, in main\n'}
[3.292832] (project3_interfaces) StderrLine: {'line': b'    package = parse_package_string(\n'}
[3.292922] (project3_interfaces) StderrLine: {'line': b'              ^^^^^^^^^^^^^^^^^^^^^\n'}
[3.292985] (project3_interfaces) StderrLine: {'line': b'  File "/usr/lib/python3/dist-packages/catkin_pkg/package.py", line 612, in parse_package_string\n'}
[3.293048] (project3_interfaces) StderrLine: {'line': b"    raise InvalidPackage('The manifest contains invalid XML:\\n%s' % ex, filename)\n"}
[3.293110] (project3_interfaces) StderrLine: {'line': b"catkin_pkg.package.InvalidPackage: Error(s) in package '/home/sicou2/CSCE452/Project3/Project3-Python/src/project3_interfaces/package.xml':\n"}
[3.293173] (project3_interfaces) StderrLine: {'line': b'The manifest contains invalid XML:\n'}
[3.293235] (project3_interfaces) StderrLine: {'line': b'junk after document element: line 2, column 0\n'}
[3.311320] (-) TimerEvent: {}
[3.334891] (project3_interfaces) StderrLine: {'line': b'\x1b[31mCMake Error at /opt/ros/jazzy/share/ament_cmake_core/cmake/core/ament_package_xml.cmake:95 (message):\n'}
[3.335049] (project3_interfaces) StderrLine: {'line': b'  execute_process(/usr/bin/python3\n'}
[3.335126] (project3_interfaces) StderrLine: {'line': b'  /opt/ros/jazzy/share/ament_cmake_core/cmake/core/package_xml_2_cmake.py\n'}
[3.335196] (project3_interfaces) StderrLine: {'line': b'  /home/sicou2/CSCE452/Project3/Project3-Python/src/project3_interfaces/package.xml\n'}
[3.335264] (project3_interfaces) StderrLine: {'line': b'  /home/sicou2/CSCE452/Project3/Project3-Python/build/project3_interfaces/ament_cmake_core/package.cmake)\n'}
[3.335341] (project3_interfaces) StderrLine: {'line': b'  returned error code 1\n'}
[3.335455] (project3_interfaces) StderrLine: {'line': b'Call Stack (most recent call first):\n'}
[3.335523] (project3_interfaces) StderrLine: {'line': b'  /opt/ros/jazzy/share/ament_cmake_core/cmake/core/ament_package_xml.cmake:49 (_ament_package_xml)\n'}
[3.335591] (project3_interfaces) StderrLine: {'line': b'  /opt/ros/jazzy/share/rosidl_cmake/cmake/rosidl_generate_interfaces.cmake:220 (ament_package_xml)\n'}
[3.335658] (project3_interfaces) StderrLine: {'line': b'  CMakeLists.txt:9 (rosidl_generate_interfaces)\n'}
[3.335725] (project3_interfaces) StderrLine: {'line': b'\n'}
[3.335793] (project3_interfaces) StderrLine: {'line': b'\x1b[0m\n'}
[3.335908] (project3_interfaces) StdoutLine: {'line': b'-- Configuring incomplete, errors occurred!\n'}
[3.346498] (project3_interfaces) CommandEnded: {'returncode': 1}
[3.347340] (project3_interfaces) JobEnded: {'identifier': 'project3_interfaces', 'rc': 1}
[3.357869] (project3) JobSkipped: {'identifier': 'project3'}
[3.357964] (-) EventReactorShutdown: {}
